CHAIN config loaded: chain_id=91938 moniker=Mainnet-Node-1 genesis_path=genesis.json genesis_hash=3df2c8b75e7727fcc03d8ff4505853393438739587c1ffcb32dbcc4518b8877e
P2P config loaded: listen= external= seeds=4 persistent=4 persist_peer_id_refresh=true
P2P config loaded: persist_peer_id_refresh=true (explicit)
CONSENSUS config loaded: propose=3s prevote=1s precommit=1s commit=5s min_block_interval=4s recompute_pause=4s weak_subjectivity_depth=2048 max_future_gap=256 deterministic_tx_order=true round_timeout=15s round_skew=1 barrier_relax=1m0s barrier_drop=1 barrier_retry_mode=per_block exec_quorum_emergency=true penalty_mode=converged_only invalid_proposer_q=4 exec_mismatch_q=3 exec_mismatch_slash=5 propose_requires_sync_ready=true post_block_safe_mode=true safe_mode_min=2s safe_mode_max=8s safe_mode_history=32 safe_mode_live_quorum_bps=6700
CONSENSUS config loaded: weak_subjectivity_depth=2048 (explicit)
CONSENSUS config loaded: max_future_block_gap=256 (explicit)
CONSENSUS config loaded: enforce_deterministic_tx_order=true (explicit)
CONSENSUS config loaded: proposer_round_timeout_seconds=15 (explicit)
CONSENSUS config loaded: proposer_round_max_skew=1 (explicit)
CONSENSUS config loaded: transition_barrier_relax_seconds=60 (explicit)
CONSENSUS config loaded: transition_barrier_max_drop=1 (explicit)
CONSENSUS config loaded: transition_barrier_retry_mode=per_block (explicit)
CONSENSUS config loaded: exec_quorum_emergency_enabled=true (explicit)
CONSENSUS config loaded: penalty_enforce_mode=converged_only (explicit)
CONSENSUS config loaded: invalid_proposer_quarantine_after=4 (explicit)
CONSENSUS config loaded: exec_mismatch_quarantine_after=3 (explicit)
CONSENSUS config loaded: exec_mismatch_slash_after=5 (explicit)
CONSENSUS config loaded: propose_requires_sync_ready=true (explicit)
CONSENSUS config loaded: core_pending_excluded_from_proposer=true (explicit)
CONSENSUS config loaded: core_activation_effective_height_buffer=64 (explicit)
CONSENSUS config loaded: post_block_safe_mode_enabled=true (explicit)
CONSENSUS config loaded: post_block_safe_mode_min_seconds=2 (explicit)
CONSENSUS config loaded: post_block_safe_mode_max_seconds=8 (explicit)
CONSENSUS config loaded: post_block_safe_mode_history_blocks=32 (explicit)
CONSENSUS config loaded: post_block_safe_mode_live_quorum_bps=6700 (explicit)
RPC config loaded: addr=127.0.0.1:26657 cors=[*] tls_cert=false tls_key=false auth_read=false auth_submit=false token_full=false token_read=false token_submit=false
VALIDATOR config loaded: dynamic=true deterministic=true equal_chance=true active_set=5 min_active=4 min_stake=100 cap=0.0500 uptime_window=1000 recovery=0.30 long_uptime=0.95 require_stake=true core_stake_exempt=true onboarding_grace_blocks=64 onboarding_max_new_slots=1 onboarding_strict_activation=true activation_delay=5 activation_model_v2_height=0 inactive_remove_blocks=8 rotation_window=50 banned=0 inactivity_penalty=true burn_bps=100 jail=500 cooldown=50 inactive_permanent=false heartbeat_ttl=25s grace=10s drift_blocks=8 rejoin_heartbeats=3 rejoin_signed=1 rejoin_window=16 fail_on_key_unavailable=true allow_identity_rotation=false active_set_mode=adaptive_committee max_active_committee=512 adaptive_log_mult=16 committee_rotation=32 activity_window=64 min_signed=1 heartbeat_scope=committee_only required_key_fingerprint= backup_required=true backup_dir=secure-backups backup_max_age_h=24 restore_on_missing=true allow_env_password_in_production=true password_mode=file_or_prompt
VALIDATOR config loaded: equal_chance_selection=true (explicit)
VALIDATOR config loaded: require_stake=true (explicit)
VALIDATOR config loaded: core_stake_exempt=true (explicit)
VALIDATOR config loaded: inactivity_penalty_enabled=true (explicit)
VALIDATOR config loaded: inactivity_penalty_burn_bps=100 (explicit)
VALIDATOR config loaded: inactivity_penalty_jail_blocks=500 (explicit)
VALIDATOR config loaded: inactivity_penalty_cooldown_blocks=50 (explicit)
VALIDATOR config loaded: permanent_remove_on_inactive=false (explicit)
VALIDATOR config loaded: liveness_heartbeat_ttl_seconds=25 (explicit)
VALIDATOR config loaded: liveness_grace_seconds=10 (explicit)
VALIDATOR config loaded: liveness_max_height_drift_blocks=8 (explicit)
VALIDATOR config loaded: rejoin_required_heartbeats=3 (explicit)
VALIDATOR config loaded: rejoin_required_signed_blocks=1 (explicit)
VALIDATOR config loaded: rejoin_window_blocks=16 (explicit)
VALIDATOR config loaded: fail_on_key_unavailable=true (explicit)
VALIDATOR config loaded: allow_identity_rotation_on_existing_chain=false (explicit)
VALIDATOR config loaded: active_set_mode=adaptive_committee (explicit)
VALIDATOR config loaded: max_active_committee=512 (explicit)
VALIDATOR config loaded: adaptive_committee_log_multiplier=16 (explicit)
VALIDATOR config loaded: committee_rotation_blocks=32 (explicit)
VALIDATOR config loaded: selection_activity_window_blocks=64 (explicit)
VALIDATOR config loaded: selection_min_signed_blocks=1 (explicit)
VALIDATOR config loaded: onboarding_grace_blocks=64 (explicit)
VALIDATOR config loaded: onboarding_max_new_slots=1 (explicit)
VALIDATOR config loaded: onboarding_strict_activation=true (explicit)
VALIDATOR config loaded: validator_set_activation_model_v2_height=0 (explicit)
VALIDATOR config loaded: validator_set_autoheal_mode=strict_core_quorum (explicit)
VALIDATOR config loaded: validator_set_autoheal_trusted_only_on_mismatch=true (explicit)
VALIDATOR config loaded: validator_set_autoheal_near_tip_force_after=2 (explicit)
VALIDATOR config loaded: validator_set_autoheal_pause_seconds=6 (explicit)
VALIDATOR config loaded: onboarding_bootstrap_lane_enabled=true (explicit)
VALIDATOR config loaded: onboarding_bootstrap_max_new_slots=1 (explicit)
VALIDATOR config loaded: onboarding_bootstrap_require_stake=true (explicit)
VALIDATOR config loaded: onboarding_bootstrap_require_not_jailed=true (explicit)
VALIDATOR config loaded: heartbeat_scope=committee_only (explicit)
VALIDATOR config loaded: required_key_fingerprint= (explicit)
VALIDATOR config loaded: key_backup_required=true (explicit)
VALIDATOR config loaded: key_backup_dir=secure-backups (explicit)
VALIDATOR config loaded: key_backup_max_age_hours=24 (explicit)
VALIDATOR config loaded: key_restore_allowed_on_missing=true (explicit)
VALIDATOR config loaded: allow_env_password_in_production=true (explicit)
VALIDATOR config loaded: core_env_password_allowed=true (explicit)
VALIDATOR config loaded: core_password_file= (explicit)
VALIDATOR config loaded: password_mode=file_or_prompt (explicit)
PROMO config loaded: obs=50 dcs=0.8500 uptime=98.00% div=70.00% div_epochs=20 srp=0.9000 srp_alpha=0.15 rate=1/100 test=false
NET config loaded: disable_dht=false block_public_peers=false diversity=true max_subnet=8 v4=24 v6=64 self_heal=true interval=5s min_peers=4 stall=20s autonat=false relay=false hole_punch=false
NET config loaded: mdns=true
NET config loaded: peer_diversity_enabled=true (explicit)
NET config loaded: peer_diversity_max_per_subnet=8 (explicit)
NET config loaded: peer_diversity_ipv4_prefix=24 (explicit)
NET config loaded: peer_diversity_ipv6_prefix=64 (explicit)
SYNC config loaded: snapshot_threshold_blocks=64 (explicit)
SYNC config loaded: delta_replay_max_blocks=50000 (explicit)
SYNC config loaded: snapshot_chunk_size_bytes=1048576 (explicit)
SYNC config loaded: snapshot_parallel_chunks=8 (explicit)
SYNC config loaded: sync_stall_seconds=180 (explicit)
SYNC config loaded: sync_peer_timeout_seconds=15 (explicit)
SYNC config loaded: snapshot_anchor_timeout_seconds=10 (explicit)
SYNC config loaded: snapshot_anchor_max_retries=6 (explicit)
SYNC config loaded: checkpoint_interval_blocks=32 (explicit)
SYNC config loaded: snapshot_checkpoint_domain=MSC_SNAPSHOT_V1 (explicit)
SYNC config loaded: snapshot_checkpoint_v2_height=0 (explicit)
SYNC config loaded: snapshot_session_ttl_seconds=0 (explicit)
SYNC config loaded: snapshot_quorum_apply_watchdog_seconds=15 (explicit)
SYNC config loaded: snapshot_session_reset_watchdog_seconds=60 (explicit)
SYNC config loaded: snapshot_invalid_proof_quarantine_after=3 (explicit)
SYNC config loaded: history_mode=background (explicit)
SYNC config loaded: trusted_snapshot_require_checkpoint_proof=true (explicit)
EVM config ignored: stack hard-disabled in this build
DTL config loaded: contract_runtime_removed=true contracts_v2=false compat_rpc_subset=false v2_activation_height=0 logs_index_enabled=true oracle_min_signers=3 oracle_staleness=120 lending_accrual_interval=1 beacon_delay=8 router_enabled=true router_max_hops=4 router_deadline_max_blocks=30 router_max_price_impact_bps=3000 router_quote_max_paths=16 defi_farm_enabled=true gamefi_season_enabled=true gamefi_reward_token=MSC
WARN dtl.solidity_like_runtime_enabled ignored: contract runtime removed
DTL config loaded: contracts_v2_enabled=false (explicit)
DTL config loaded: compat_rpc_subset_enabled=false (explicit)
DTL config loaded: v2_activation_height=0 (explicit)
DTL config loaded: logs_index_enabled=true (explicit)
DTL config loaded: oracle_min_signers=3 (explicit)
DTL config loaded: oracle_max_staleness_blocks=120 (explicit)
DTL config loaded: lending_accrual_interval_blocks=1 (explicit)
DTL config loaded: game_beacon_delay_blocks=8 (explicit)
WARN dtl.max_contract_call_depth ignored: contract runtime removed
WARN dtl.bytecode_runtime_enabled ignored: contract runtime removed
WARN dtl.bytecode_activation_height ignored: contract runtime removed
WARN dtl.bytecode_max_size ignored: contract runtime removed
WARN dtl.bytecode_require_canonical ignored: contract runtime removed
DTL config loaded: router_enabled=true (explicit)
DTL config loaded: router_max_hops=4 (explicit)
DTL config loaded: router_deadline_max_blocks=30 (explicit)
DTL config loaded: router_max_price_impact_bps=3000 (explicit)
DTL config loaded: router_quote_max_paths=16 (explicit)
DTL config loaded: defi_farm_enabled=true (explicit)
DTL config loaded: gamefi_season_enabled=true (explicit)
DTL config loaded: gamefi_reward_token=MSC (explicit)
DTL config loaded: gamefi_season_length_blocks=43200 (explicit)
DTL config loaded: gamefi_claim_grace_blocks=21600 (explicit)
DTL config loaded: gamefi_fee_share_from_pool_bps=2500 (explicit)
DTL config loaded: gamefi_fee_share_from_lending_bps=2000 (explicit)
DTL config loaded: gamefi_duel_win_points=100 (explicit)
DTL config loaded: gamefi_tournament_win_points=600 (explicit)
DTL config loaded: gamefi_tournament_participation_points=80 (explicit)
DTL config loaded: farm_min_stake_blocks=50 (explicit)
DTL config loaded: farm_lp_points_per_block=1 (explicit)
DTL config loaded: farm_max_multiplier_bps=30000 (explicit)
DTL config loaded: gamefi_max_reward_per_account_per_season=1000000 (explicit)
[DTL-CONTRACT-RUNTIME] removed=true
TOKENOMICS config loaded: allow_treasury_ops=false
TOKENOMICS config loaded: random_user_reward_enabled=true
TOKENOMICS config loaded: random_user_reward_chance_bps=2500
TOKENOMICS config loaded: emission_enabled=true
TOKENOMICS config loaded: emission_min_reward=2
TOKENOMICS config loaded: emission_max_reward=4
TOKENOMICS config loaded: work_block_reward_enabled=true
TOKENOMICS config loaded: work_block_base_reward=2
TOKENOMICS config loaded: emission_jackpot_chance_bps=100
TOKENOMICS config loaded: emission_base_chance_bps=10000
TOKENOMICS config loaded: emission_high_chance_after_blocks=1105840
TOKENOMICS config loaded: emission_high_chance_bps=10000
TOKENOMICS config loaded: emission_halving_interval_blocks=1105840
TOKENOMICS config loaded: emission_treasury_bps=2000
TOKENOMICS config loaded: emission_validator_bps=7200
TOKENOMICS config loaded: emission_burn_bps=800
TOKENOMICS config loaded: emission_interval_mode=false
TOKENOMICS config loaded: emission_gap_min_blocks=4
TOKENOMICS config loaded: emission_gap_max_blocks=6
TOKENOMICS config loaded: emission_validator_to_proposer=false
TOKENOMICS config loaded: supply_burn_floor=62000000
TOKENOMICS config loaded: unified_team_reward_enabled=true
TOKENOMICS config loaded: unified_team_reward_treasury_bps=2000
TOKENOMICS config loaded: unified_team_reward_proposer_bps=3500
TOKENOMICS config loaded: unified_team_reward_validator_bps=4500
AUTH config loaded: require_wallet=true open_browser=true timeout=600s challenge_ttl=180s token_ttl=86400s core=[A B C D]
CORE config loaded: registry_path=core_validators.json (explicit)
CORE config loaded: registry_enforcement=warn (explicit)
CORE config loaded: registry_min_signatures=0 (explicit)
CORE config loaded: registry_reload_seconds=10 (explicit)
STORAGE config loaded: key_env=MSC_DB_ENCRYPTION_KEY key_file= key_hex=false key_b64=false
STORAGE runtime: db_encryption=false
===============================================
===============================================
Node ID     : J
Mode        : full
Role        : validator
Data Dir    : data/J
Listen Port : 7009
===============================================
2026/03/04 14:51:33 validator key unlocked
2026/03/04 14:51:33 [KEY-AUDIT] validator=J backup_present=true backup_age_s=0 integrity=true
2026/03/04 14:51:33 [IDENTITY] key_loaded=true validator=J fingerprint=f649ce93470b2e6c expected= match=true source=existing mode=strict
2026/03/04 14:51:33 SECURITY: storage DB encryption is disabled. Configure [storage] encryption key and OS disk encryption (BitLocker/LUKS/FileVault).
[SET-FREEZE-REPLAY] entries=3 applied=3 last_h=114 hash=03a3d570
2026/03/04 14:51:33 [AUTOHEAL] startup_recovery_applied height=114 frozen_sets=4
2026/03/04 14:51:33 Wallet auth required for validator activation; network starts immediately for node J
2026/03/04 14:51:33 EVM/VM routes removed permanently. DTL JSON-RPC available at /rpc
+‚-¶+‡-++ÛGÈº-•+È-… Wallet authentication required. Open: http://127.0.0.1:26665/msc_wallet.html?auth=1&node=J&session=38faf6d52dae05a27394ebef20cb677b&stake=1&stake_coin=MSC&stake_validator=J
===============================================
===============================================
Peer ID  : n/a
Height   : 114
Peers    : 0
===============================================
msc[J]> [STARTUP-PRECHECK] waiting for network validator-set sample before consensus start
+‚-¶+‡-++‡G«÷+È-… LibP2P host initialized
+‚-¶+‡-++ÛGÈº-·+ÛGÈº-• PeerID: 12D3KooWJ8GKx4BrGbRGggjsiYxGvvuNkBCxDp4H2e4CReYx8std
+‚-¶+‡-++ÛGÈº+Ù+È-Ï Listening addresses:
  /ip4/127.0.0.1/tcp/7009/p2p/12D3KooWJ8GKx4BrGbRGggjsiYxGvvuNkBCxDp4H2e4CReYx8std
P2P stack: discovery=DNS seeds + DHT + mDNS, transport=QUIC, security=Noise, messaging=GossipSub, NAT=UPnP + Relay
+‚-¶+‡-++ÛGÈº+Ù+‡-· Host info: Addrs=1 DHT=true
mDNS auto-disabled on Windows (set MSC_FORCE_MDNS=1 to force-enable)
+‚¶∆+È-¶+‚G«™+È-++‚-Û+ÛG«‹-º+‡G«£+‚G«‹+È-Ì PubSub topics initialized (MSC)
   +‚¶∆+È-Û+‚-Û+ÛGÈº+Ì+È-º+‚G«‹+È-Û msc-blocks        +‚¶∆+È-Û+‚-Û+ÛG«‹-º+È-·+‚-Û+ÛG«‹-º+ÛG«P-Û state propagation
   +‚¶∆+È-Û+‚-Û+ÛGÈº+Ì+È-º+‚G«‹+È-Û msc-transactions  +‚¶∆+È-Û+‚-Û+ÛG«‹-º+È-·+‚-Û+ÛG«‹-º+ÛG«P-Û mempool ingress
   +‚¶∆+È-Û+‚-Û+ÛGÈº+Ì+È-º+‚G«‹+È-Û msc-validators    +‚¶∆+È-Û+‚-Û+ÛG«‹-º+È-·+‚-Û+ÛG«‹-º+ÛG«P-Û validator gossip
+‚-¶+‡-++ÛGÈº-•+È-∫ Network protocols configured
+‚-Û+‡G«£+ÛGÈº-™ Listening for blocks...
+‚-Û+‡G«£+ÛGÈº-™ Listening for transactions...
+‚-¶+‡-++ÛGÈº-•+ÛGÈºG«• Peer connected: 12D3KooWNVQGhhbDjqxmfU9dTRnUTTvjXTCiqTuzgbR6MjPAb9cF
Peer info from 12D3KooWNVQGhhbDjqxmfU9dTRnUTTvjXTCiqTuzgbR6MjPAb9cF | validator=F role=validator
Peer info from 12D3KooWNVQGhhbDjqxmfU9dTRnUTTvjXTCiqTuzgbR6MjPAb9cF | validator=F role=validator
+‚-¶+‡-++ÛGÈº-•+ÛGÈºG«• Peer connected: 12D3KooWAheCT5bJqM7DT9BBhASrf1JHD4Q9D7EyZRw4zEy7aoAw
Pubkey override (peer-hello testnet) for validator A
Peer info from 12D3KooWAheCT5bJqM7DT9BBhASrf1JHD4Q9D7EyZRw4zEy7aoAw | validator=A role=validator
Peer info from 12D3KooWAheCT5bJqM7DT9BBhASrf1JHD4Q9D7EyZRw4zEy7aoAw | validator=A role=validator
+‚-¶+‡-++ÛGÈº+Ù+È-ø Consensus message from 12D3KooWNVQGhhbDjqxmfU9dTRnUTTvjXTCiqTuzgbR6MjPAb9cF: peers (size: 416 bytes)
+‚-¶+‡-++ÛGÈº-•+ÛGÈºG«• Received 5 peers from 12D3KooWNVQGhhbDjqxmfU9dTRnUTTvjXTCiqTuzgbR6MjPAb9cF
+‚-¶+‡-++ÛGÈº-•+‡G«÷ Consensus stream EOF from 12D3KooWNVQGhhbDjqxmfU9dTRnUTTvjXTCiqTuzgbR6MjPAb9cF
+‚-¶+‡-++ÛGÈº-•+‡G«÷ Consensus stream closed with 12D3KooWNVQGhhbDjqxmfU9dTRnUTTvjXTCiqTuzgbR6MjPAb9cF
Attempting to connect to 5 peers
+‚-¶+‡-++ÛGÈº+Ù+È-ø Consensus message from 12D3KooWAheCT5bJqM7DT9BBhASrf1JHD4Q9D7EyZRw4zEy7aoAw: peers (size: 416 bytes)
+‚-¶+‡-++ÛGÈº-•+ÛGÈºG«• Received 5 peers from 12D3KooWAheCT5bJqM7DT9BBhASrf1JHD4Q9D7EyZRw4zEy7aoAw
+‚-¶+‡-++ÛGÈº-•+‡G«÷ Consensus stream EOF from 12D3KooWAheCT5bJqM7DT9BBhASrf1JHD4Q9D7EyZRw4zEy7aoAw
+‚-¶+‡-++ÛGÈº-•+‡G«÷ Consensus stream closed with 12D3KooWAheCT5bJqM7DT9BBhASrf1JHD4Q9D7EyZRw4zEy7aoAw
Pubkey override (testnet) for validator B
Validator registered | id=B addr=/ip4/127.0.0.1/tcp/7002/p2p/12D3KooWFDZqzCfEYNk7C8z4bpSTXxqSDPoNh2WEn4iMn8D5kRFD
Validator heartbeat: B | reported_height=121 | finalized_height=121 | local_exec_epoch=122
[SYNC] reason=heartbeat local=114 target=121 votes=1 required=3
[AUTOHEAL] safety_guard blocked repair mismatch_h=115 expected=a006925f got=03a3d570 reason=strict_core_quorum_1_of_3
[AUTOHEAL] sync_repair_override mismatch_h=115 target=121 reason=strict_core_quorum_1_of_3
[SYNC-FORCE] reason=validator-set-hash-mismatch-sync-override local=114 target=121
Validator set hash mismatch at height 115 | expected=a006925f got=03a3d570
[AUTOHEAL] mismatch height=115 expected=a006925f got=03a3d570 action=recorded count=1 threshold=2
Queued future block 116 (total at this height: 1)
Queued future block for catch-up | local=114 got=116
Queued future block 117 (total at this height: 1)
Queued future block for catch-up | local=114 got=117
Queued future block 118 (total at this height: 1)
Queued future block for catch-up | local=114 got=118
Queued future block 119 (total at this height: 1)
Queued future block for catch-up | local=114 got=119
Queued future block 120 (total at this height: 1)
Queued future block for catch-up | local=114 got=120
Queued future block 121 (total at this height: 1)
Queued future block for catch-up | local=114 got=121
[AUTOHEAL] safety_guard blocked repair mismatch_h=115 expected=a006925f got=03a3d570 reason=strict_core_quorum_1_of_3
[AUTOHEAL] sync_repair_override mismatch_h=115 target=121 reason=strict_core_quorum_1_of_3
[SYNC-FORCE] reason=validator-set-hash-mismatch-sync-override local=114 target=121
Validator set hash mismatch at height 115 | expected=a006925f got=03a3d570
[AUTOHEAL] mismatch height=115 expected=a006925f got=03a3d570 action=trigger_repair count=2 threshold=2
[CONSENSUS-PAUSE] reason=validator_set_hash_mismatch height=115 hold_until=2026-03-04T14:51:39.6420542+05:30
[SYNC-FORCE] reason=validator-set-hash-mismatch-autoheal local=114 target=115
+‚-¶+‡-++ÛGÈº-•+ÛGÈºG«• Peer connected: 12D3KooWQDCSe8fUVuqgNHaz1Set82BmXpzZ4P4VKMj8hwv2C59i
Pubkey override (peer-hello testnet) for validator C
Peer info from 12D3KooWQDCSe8fUVuqgNHaz1Set82BmXpzZ4P4VKMj8hwv2C59i | validator=C role=validator
Peer validator set mismatch 12D3KooWQDCSe8fUVuqgNHaz1Set82BmXpzZ4P4VKMj8hwv2C59i | expected=03a3d570 got=a006925f height=113
Ignoring validator-set mismatch from stale peer 12D3KooWQDCSe8fUVuqgNHaz1Set82BmXpzZ4P4VKMj8hwv2C59i (peer=113 local=114)
+‚-¶+‡-++ÛGÈº+Ù+È-™ Sent blocks 114-114 (1 blocks) to 12D3KooWQDCSe8fUVuqgNHaz1Set82BmXpzZ4P4VKMj8hwv2C59i
+‚-¶+‡-++ÛGÈº+Ù+È-ø Consensus message from 12D3KooWQDCSe8fUVuqgNHaz1Set82BmXpzZ4P4VKMj8hwv2C59i: peers (size: 416 bytes)
+‚-¶+‡-++ÛGÈº-•+ÛGÈºG«• Received 5 peers from 12D3KooWQDCSe8fUVuqgNHaz1Set82BmXpzZ4P4VKMj8hwv2C59i
Peer info from 12D3KooWQDCSe8fUVuqgNHaz1Set82BmXpzZ4P4VKMj8hwv2C59i | validator=C role=validator
Peer validator set mismatch 12D3KooWQDCSe8fUVuqgNHaz1Set82BmXpzZ4P4VKMj8hwv2C59i | expected=03a3d570 got=a006925f height=113
Ignoring validator-set mismatch from stale peer 12D3KooWQDCSe8fUVuqgNHaz1Set82BmXpzZ4P4VKMj8hwv2C59i (peer=113 local=114)
+‚-¶+‡-++ÛGÈº-•+‡G«÷ Consensus stream EOF from 12D3KooWQDCSe8fUVuqgNHaz1Set82BmXpzZ4P4VKMj8hwv2C59i
+‚-¶+‡-++ÛGÈº-•+‡G«÷ Consensus stream closed with 12D3KooWQDCSe8fUVuqgNHaz1Set82BmXpzZ4P4VKMj8hwv2C59i
[AUTOHEAL] safety_guard blocked repair mismatch_h=115 expected=a006925f got=03a3d570 reason=strict_core_quorum_1_of_3
[AUTOHEAL] sync_repair_override mismatch_h=115 target=121 reason=strict_core_quorum_1_of_3
[SYNC-FORCE] reason=validator-set-hash-mismatch-sync-override local=114 target=121
Validator set hash mismatch at height 115 | expected=a006925f got=03a3d570
[AUTOHEAL] mismatch height=115 expected=a006925f got=03a3d570 action=recorded count=1 threshold=2
[AUTOHEAL] safety_guard blocked repair mismatch_h=115 expected=a006925f got=03a3d570 reason=strict_core_quorum_1_of_3
[AUTOHEAL] sync_repair_override mismatch_h=115 target=121 reason=strict_core_quorum_1_of_3
[SYNC-FORCE] reason=validator-set-hash-mismatch-sync-override local=114 target=121
Validator set hash mismatch at height 115 | expected=a006925f got=03a3d570
[AUTOHEAL] mismatch height=115 expected=a006925f got=03a3d570 action=trigger_repair count=2 threshold=2
[CONSENSUS-PAUSE] reason=validator_set_hash_mismatch height=115 hold_until=2026-03-04T14:51:41.1426717+05:30
[SYNC-FORCE] reason=validator-set-hash-mismatch-autoheal local=114 target=115
+‚-Û+È-≈+È-¶ Waiting for sync completion before consensus start (height=114 finalized=114)
Failed to connect to peer /ip4/127.0.0.1/tcp/7004/p2p/12D3KooWGMgUyWLAv69e7RP2BHtN5PJyVfwFo8ZM95mzKNsJSZ5V: connection failed: failed to dial: failed to dial 12D3KooWGMgUyWLAv69e7RP2BHtN5PJyVfwFo8ZM95mzKNsJSZ5V: all dials failed
  * [/ip4/127.0.0.1/tcp/7004] dial tcp4 127.0.0.1:7004: connectex: No connection could be made because the target machine actively refused it.
+‚-¶+‡-++ÛGÈº-•+ÛGÈºG«• Peer connected: 12D3KooWFDZqzCfEYNk7C8z4bpSTXxqSDPoNh2WEn4iMn8D5kRFD
+‚-Û+‡G«£+ÛGÈº-™ Connected to peer: 12D3KooWFDZqzCfEYNk7C8z4bpSTXxqSDPoNh2WEn4iMn8D5kRFD
Peer info from 12D3KooWFDZqzCfEYNk7C8z4bpSTXxqSDPoNh2WEn4iMn8D5kRFD | validator=B role=validator
Peer info from 12D3KooWFDZqzCfEYNk7C8z4bpSTXxqSDPoNh2WEn4iMn8D5kRFD | validator=B role=validator
[AUTOHEAL] safety_guard blocked repair mismatch_h=115 expected=a006925f got=03a3d570 reason=strict_core_quorum_1_of_3
[AUTOHEAL] sync_repair_override mismatch_h=115 target=121 reason=strict_core_quorum_1_of_3
[SYNC-FORCE] reason=validator-set-hash-mismatch-sync-override local=114 target=121
Validator set hash mismatch at height 115 | expected=a006925f got=03a3d570
[AUTOHEAL] mismatch height=115 expected=a006925f got=03a3d570 action=recorded count=1 threshold=2
+‚-¶+‡-++ÛGÈº+Ù+È-ø Consensus message from 12D3KooWFDZqzCfEYNk7C8z4bpSTXxqSDPoNh2WEn4iMn8D5kRFD: peers (size: 416 bytes)
+‚-¶+‡-++ÛGÈº-•+ÛGÈºG«• Received 5 peers from 12D3KooWFDZqzCfEYNk7C8z4bpSTXxqSDPoNh2WEn4iMn8D5kRFD
+‚-¶+‡-++ÛGÈº-•+‡G«÷ Consensus stream EOF from 12D3KooWFDZqzCfEYNk7C8z4bpSTXxqSDPoNh2WEn4iMn8D5kRFD
+‚-¶+‡-++ÛGÈº-•+‡G«÷ Consensus stream closed with 12D3KooWFDZqzCfEYNk7C8z4bpSTXxqSDPoNh2WEn4iMn8D5kRFD
+‚-¶+‡-++ÛGÈº-•+ÛGÈº++ Bootstrapping DHT...
+‚-Û+‡G«£+ÛGÈº-™ DHT bootstrap complete
+‚-¶+‡-++ÛGÈº-•+È-Ï Starting DHT peer discovery...
+‚-¶+‡-++ÛGÈº-•+ÛGÈºG«• PubSub mesh check against 4 peers
[AUTOHEAL] safety_guard blocked repair mismatch_h=115 expected=a006925f got=03a3d570 reason=strict_core_quorum_1_of_3
[AUTOHEAL] sync_repair_override mismatch_h=115 target=121 reason=strict_core_quorum_1_of_3
[SYNC-FORCE] reason=validator-set-hash-mismatch-sync-override local=114 target=121
Validator set hash mismatch at height 115 | expected=a006925f got=03a3d570
[AUTOHEAL] mismatch height=115 expected=a006925f got=03a3d570 action=trigger_repair count=2 threshold=2
[CONSENSUS-PAUSE] reason=validator_set_hash_mismatch height=115 hold_until=2026-03-04T14:51:42.6281975+05:30
[SYNC-FORCE] reason=validator-set-hash-mismatch-autoheal local=114 target=115
[AUTOHEAL] safety_guard blocked repair mismatch_h=115 expected=a006925f got=03a3d570 reason=strict_core_quorum_1_of_3
[AUTOHEAL] sync_repair_override mismatch_h=115 target=121 reason=strict_core_quorum_1_of_3
[SYNC-FORCE] reason=validator-set-hash-mismatch-sync-override local=114 target=121
Validator set hash mismatch at height 115 | expected=a006925f got=03a3d570
[AUTOHEAL] mismatch height=115 expected=a006925f got=03a3d570 action=recorded count=1 threshold=2
[AUTOHEAL] safety_guard blocked repair mismatch_h=115 expected=a006925f got=03a3d570 reason=strict_core_quorum_1_of_3
[AUTOHEAL] sync_repair_override mismatch_h=115 target=121 reason=strict_core_quorum_1_of_3
[SYNC-FORCE] reason=validator-set-hash-mismatch-sync-override local=114 target=121
Validator set hash mismatch at height 115 | expected=a006925f got=03a3d570
[AUTOHEAL] mismatch height=115 expected=a006925f got=03a3d570 action=trigger_repair count=2 threshold=2
[SYNC-FORCE] reason=validator-set-hash-mismatch-autoheal local=114 target=115
+‚-Û+È-≈+È-¶ Waiting for sync completion before consensus start (height=114 finalized=114)
2026/03/04 14:51:37 [WARN] interactive CLI input closed; node keeps running: EOF
+‚-¶+‡-++ÛGÈº-¶+ÛGÈº-£ Block listener stopped
+‚-¶+‡-++ÛGÈº-¶+ÛGÈº-£ TX listener stopped
